[debug] [2025-08-15T19:49:40.121Z] ----------------------------------------------------------------------
[debug] [2025-08-15T19:49:40.123Z] Command:       /Users/zadiewalker/.nvm/versions/node/v18.20.8/bin/node /Users/zadiewalker/.npm/_npx/872b751b2f16d338/node_modules/.bin/firebase deploy --only hosting
[debug] [2025-08-15T19:49:40.124Z] CLI Version:   13.35.1
[debug] [2025-08-15T19:49:40.124Z] Platform:      darwin
[debug] [2025-08-15T19:49:40.124Z] Node Version:  v18.20.8
[debug] [2025-08-15T19:49:40.126Z] Time:          Fri Aug 15 2025 15:49:40 GMT-0400 (Eastern Daylight Time)
[debug] [2025-08-15T19:49:40.126Z] ----------------------------------------------------------------------
[debug] 
[debug] [2025-08-15T19:49:40.402Z] > command requires scopes: ["email","openid","https://www.googleapis.com/auth/cloudplatformprojects.readonly","https://www.googleapis.com/auth/firebase","https://www.googleapis.com/auth/cloud-platform"]
[debug] [2025-08-15T19:49:40.403Z] > authorizing via signed-in user (zadiewalker@gmail.com)
[debug] [2025-08-15T19:49:40.403Z] [iam] checking project alchm-digital-sanctuary for permissions ["firebase.projects.get","firebasehosting.sites.update"]
[debug] [2025-08-15T19:49:40.404Z] Checked if tokens are valid: false, expires at: 1755287570255
[debug] [2025-08-15T19:49:40.405Z] Checked if tokens are valid: false, expires at: 1755287570255
[debug] [2025-08-15T19:49:40.405Z] > refreshing access token with scopes: []
[debug] [2025-08-15T19:49:40.408Z] >>> [apiv2][query] POST https://www.googleapis.com/oauth2/v3/token [none]
[debug] [2025-08-15T19:49:40.408Z] >>> [apiv2][body] POST https://www.googleapis.com/oauth2/v3/token [omitted]
[debug] [2025-08-15T19:49:40.573Z] <<< [apiv2][status] POST https://www.googleapis.com/oauth2/v3/token 200
[debug] [2025-08-15T19:49:40.573Z] <<< [apiv2][body] POST https://www.googleapis.com/oauth2/v3/token [omitted]
[debug] [2025-08-15T19:49:40.620Z] >>> [apiv2][query] POST https://cloudresourcemanager.googleapis.com/v1/projects/alchm-digital-sanctuary:testIamPermissions [none]
[debug] [2025-08-15T19:49:40.620Z] >>> [apiv2][(partial)header] POST https://cloudresourcemanager.googleapis.com/v1/projects/alchm-digital-sanctuary:testIamPermissions x-goog-quota-user=projects/alchm-digital-sanctuary
[debug] [2025-08-15T19:49:40.621Z] >>> [apiv2][body] POST https://cloudresourcemanager.googleapis.com/v1/projects/alchm-digital-sanctuary:testIamPermissions {"permissions":["firebase.projects.get","firebasehosting.sites.update"]}
[debug] [2025-08-15T19:49:40.730Z] <<< [apiv2][status] POST https://cloudresourcemanager.googleapis.com/v1/projects/alchm-digital-sanctuary:testIamPermissions 200
[debug] [2025-08-15T19:49:40.730Z] <<< [apiv2][body] POST https://cloudresourcemanager.googleapis.com/v1/projects/alchm-digital-sanctuary:testIamPermissions {"permissions":["firebase.projects.get","firebasehosting.sites.update"]}
[debug] [2025-08-15T19:49:40.730Z] Checked if tokens are valid: true, expires at: 1755290979573
[debug] [2025-08-15T19:49:40.731Z] Checked if tokens are valid: true, expires at: 1755290979573
[debug] [2025-08-15T19:49:40.731Z] >>> [apiv2][query] GET https://firebase.googleapis.com/v1beta1/projects/alchm-digital-sanctuary [none]
[debug] [2025-08-15T19:49:41.033Z] <<< [apiv2][status] GET https://firebase.googleapis.com/v1beta1/projects/alchm-digital-sanctuary 200
[debug] [2025-08-15T19:49:41.033Z] <<< [apiv2][body] GET https://firebase.googleapis.com/v1beta1/projects/alchm-digital-sanctuary {"projectId":"alchm-digital-sanctuary","projectNumber":"171911707668","displayName":"ALCHM Digital Sanctuary","name":"projects/alchm-digital-sanctuary","resources":{"hostingSite":"alchm-digital-sanctuary"},"state":"ACTIVE","etag":"1_2e4e2726-e115-4489-9ef0-ab6827975fc3"}
[info] 
[info] === Deploying to 'alchm-digital-sanctuary'...
[info] 
[info] i  deploying hosting 
[debug] [2025-08-15T19:49:41.039Z] Checked if tokens are valid: true, expires at: 1755290979573
[debug] [2025-08-15T19:49:41.039Z] Checked if tokens are valid: true, expires at: 1755290979573
[debug] [2025-08-15T19:49:41.039Z] >>> [apiv2][query] POST https://firebasehosting.googleapis.com/v1beta1/projects/-/sites/alchm-digital-sanctuary/versions [none]
[debug] [2025-08-15T19:49:41.039Z] >>> [apiv2][body] POST https://firebasehosting.googleapis.com/v1beta1/projects/-/sites/alchm-digital-sanctuary/versions {"status":"CREATED","labels":{"deployment-tool":"cli-firebase"}}
[debug] [2025-08-15T19:49:41.636Z] <<< [apiv2][status] POST https://firebasehosting.googleapis.com/v1beta1/projects/-/sites/alchm-digital-sanctuary/versions 200
[debug] [2025-08-15T19:49:41.636Z] <<< [apiv2][body] POST https://firebasehosting.googleapis.com/v1beta1/projects/-/sites/alchm-digital-sanctuary/versions {"name":"projects/171911707668/sites/alchm-digital-sanctuary/versions/a047b9fcaf9f4742","status":"CREATED","config":{},"labels":{"deployment-tool":"cli-firebase"}}
[info] i  hosting[alchm-digital-sanctuary]: beginning deploy... 
[info] i  hosting[alchm-digital-sanctuary]: found 221 files in .next 
[debug] [2025-08-15T19:49:41.693Z] [hosting] uploading with 200 concurrency
